
> open-seo@0.1.7 lint D:\company project\SearchGrowth-OpenSEO\.ai-worktrees\T000-M0
> oxlint . --type-aware


  x eslint-plugin-unicorn(no-useless-spread): Using a spread operator here creates a new array unnecessarily.
    ,-[reference-implementations/url-identity.ts:23:22]
 22 | 
 23 |   for (const key of [...u.searchParams.keys()]) {
    :                      ^^^
 24 |     if (TRACKING_KEYS.has(key.toLowerCase())) u.searchParams.delete(key);
    `----
  help: `for…of` can iterate over iterable, it's unnecessary to convert to an array.

  x eslint(max-lines): File has too many lines (486).
     ,-[schemas/domain-types.ts:535:2]
 534 |   dataQuality: DataQuality;
 535 | }
     :   ^
     `----
  help: Maximum allowed is 400.

  x typescript-eslint(no-unsafe-argument): Unsafe argument of type any assigned to a parameter of type Buffer<ArrayBufferLike>.
    ,-[reference-implementations/yxer-process-executor.ts:51:50]
 50 | 
 51 |     child.stdout.on("data", (c) => add("stdout", c));
    :                                                  ^
 52 |     child.stderr.on("data", (c) => add("stderr", c));
    `----

  x typescript-eslint(no-unsafe-argument): Unsafe argument of type any assigned to a parameter of type Buffer<ArrayBufferLike>.
    ,-[reference-implementations/yxer-process-executor.ts:52:50]
 51 |     child.stdout.on("data", (c) => add("stdout", c));
 52 |     child.stderr.on("data", (c) => add("stderr", c));
    :                                                  ^
 53 | 
    `----

  x typescript-eslint(no-unsafe-type-assertion): Unsafe assertion from `any` detected: consider using type guards or a safer assertion.
    ,-[reference-implementations/yxer-process-executor.ts:93:12]
 92 |   try {
 93 |     return JSON.parse(trimmed) as Json;
    :            ^^^^^^^^^^^^^^^^^^^^^^^^^^^
 94 |   } catch {
    `----

  x typescript-eslint(no-unsafe-type-assertion): Unsafe assertion from `any` detected: consider using type guards or a safer assertion.
     ,-[reference-implementations/yxer-process-executor.ts:100:20]
  99 |     if (start >= 0 && end > start) {
 100 |       try { return JSON.parse(trimmed.slice(start, end + 1)) as Json; } catch {}
     :                    ^^^^^^^^^^^^^^^^^^^^^^^^^^^^^^^^^^^^^^^^^^^^^^^^^
 101 |     }
     `----

  x typescript-eslint(no-unsafe-type-assertion): Unsafe type assertion: type 'Record<string, unknown>' is more narrow than the original type.
     ,-[reference-implementations/yxer-process-executor.ts:242:39]
 241 |   if (!obj || typeof obj !== "object") return;
 242 |   for (const [k, v] of Object.entries(obj as Record<string, unknown>)) {
     :                                       ^^^^^^^^^^^^^^^^^^^^^^^^^^^^^^
 243 |     if (keys.includes(k) && typeof v === "string" && v) return v;
     `----

  x typescript-eslint(no-unsafe-type-assertion): Unsafe type assertion: type 'Record<string, unknown>' is more narrow than the original type.
     ,-[reference-implementations/yxer-process-executor.ts:250:39]
 249 |   if (!obj || typeof obj !== "object") return;
 250 |   for (const [k, v] of Object.entries(obj as Record<string, unknown>)) {
     :                                       ^^^^^^^^^^^^^^^^^^^^^^^^^^^^^^
 251 |     if (/(url|link)/i.test(k) && typeof v === "string" && /^https?:\/\//i.test(v)) return v;
     `----

Found 0 warnings and 8 errors.
Finished in 35.9s on 840 files using 16 threads.
 ELIFECYCLE  Command failed with exit code 1.
